c:\users\2409409\desktop\gameproduction2\企画２\turret\turret\x64\debug\vc143.pdb
c:\users\2409409\desktop\gameproduction2\企画２\turret\turret\x64\debug\vc143.idb
c:\users\2409409\desktop\gameproduction2\企画２\turret\turret\x64\debug\mouse.obj
c:\users\2409409\desktop\gameproduction2\企画２\turret\turret\x64\debug\key.obj
c:\users\2409409\desktop\gameproduction2\企画２\turret\turret\x64\debug\collision.obj
c:\users\2409409\desktop\gameproduction2\企画２\turret\turret\x64\debug\fps.obj
c:\users\2409409\desktop\gameproduction2\企画２\turret\turret\x64\debug\data.obj
c:\users\2409409\desktop\gameproduction2\企画２\turret\turret\x64\debug\count.obj
c:\users\2409409\desktop\gameproduction2\企画２\turret\turret\x64\debug\scenetitle.obj
c:\users\2409409\desktop\gameproduction2\企画２\turret\turret\x64\debug\scenegame.obj
c:\users\2409409\desktop\gameproduction2\企画２\turret\turret\x64\debug\scenedefeat.obj
c:\users\2409409\desktop\gameproduction2\企画２\turret\turret\x64\debug\sceneclear.obj
c:\users\2409409\desktop\gameproduction2\企画２\turret\turret\x64\debug\scenebase.obj
c:\users\2409409\desktop\gameproduction2\企画２\turret\turret\x64\debug\scene.obj
c:\users\2409409\desktop\gameproduction2\企画２\turret\turret\x64\debug\player.obj
c:\users\2409409\desktop\gameproduction2\企画２\turret\turret\x64\debug\sky.obj
c:\users\2409409\desktop\gameproduction2\企画２\turret\turret\x64\debug\wall.obj
c:\users\2409409\desktop\gameproduction2\企画２\turret\turret\x64\debug\ground.obj
c:\users\2409409\desktop\gameproduction2\企画２\turret\turret\x64\debug\landformmanager.obj
c:\users\2409409\desktop\gameproduction2\企画２\turret\turret\x64\debug\cameraplayer.obj
c:\users\2409409\desktop\gameproduction2\企画２\turret\turret\x64\debug\cameramanager.obj
c:\users\2409409\desktop\gameproduction2\企画２\turret\turret\x64\debug\cameradebug.obj
c:\users\2409409\desktop\gameproduction2\企画２\turret\turret\x64\debug\main.obj
c:\users\2409409\desktop\gameproduction2\企画２\turret\turret\x64\debug\singleton.obj
c:\users\2409409\desktop\gameproduction2\企画２\turret\turret\x64\debug\subject.obj
c:\users\2409409\desktop\gameproduction2\企画２\turret\turret\x64\debug\observer.obj
c:\users\2409409\desktop\gameproduction2\企画２\turret\turret\x64\debug\object.obj
c:\users\2409409\desktop\gameproduction2\企画２\turret\turret\x64\debug\actor.obj
c:\users\2409409\desktop\gameproduction2\企画２\turret\turret\x64\debug\mymath.obj
c:\users\2409409\desktop\gameproduction2\企画２\turret\turret\x64\debug\getrand.obj
c:\users\2409409\desktop\gameproduction2\企画２\turret\turret\x64\debug\actormove.obj
c:\users\2409409\desktop\gameproduction2\企画２\turret\turret\x64\debug\fade.obj
c:\users\2409409\desktop\gameproduction2\企画２\turret\turret\x64\debug\pad.obj
c:\users\2409409\desktop\gameproduction2\企画２\turret\turret\x64\debug\shotmanager.obj
c:\users\2409409\desktop\gameproduction2\企画２\turret\turret\x64\debug\shotbase.obj
c:\users\2409409\desktop\gameproduction2\企画２\turret\turret\x64\debug\defaultshot.obj
c:\users\2409409\desktop\gameproduction2\企画２\turret\turret\x64\debug\playerstatus.obj
c:\users\2409409\desktop\gameproduction2\企画２\turret\turret\x64\debug\input.obj
c:\users\2409409\desktop\gameproduction2\企画２\turret\turret\x64\debug\protectcore.obj
d:\users\2409409\desktop\gameproduction2\企画２\turret\turret\x64\debug\vc143.pdb
d:\users\2409409\desktop\gameproduction2\企画２\turret\turret\x64\debug\vc143.idb
d:\users\2409409\desktop\gameproduction2\企画２\turret\turret\x64\debug\scenetitle.obj
d:\users\2409409\desktop\gameproduction2\企画２\turret\turret\x64\debug\scenegame.obj
d:\users\2409409\desktop\gameproduction2\企画２\turret\turret\x64\debug\scenedefeat.obj
d:\users\2409409\desktop\gameproduction2\企画２\turret\turret\x64\debug\cameramanager.obj
d:\users\2409409\desktop\gameproduction2\企画２\turret\turret\x64\debug\cameraplayer.obj
d:\users\2409409\desktop\gameproduction2\企画２\turret\turret\x64\debug\landformmanager.obj
d:\users\2409409\desktop\gameproduction2\企画２\turret\turret\x64\debug\ground.obj
d:\users\2409409\desktop\gameproduction2\企画２\turret\turret\x64\debug\wall.obj
d:\users\2409409\desktop\gameproduction2\企画２\turret\turret\x64\debug\sky.obj
d:\users\2409409\desktop\gameproduction2\企画２\turret\turret\x64\debug\input.obj
d:\users\2409409\desktop\gameproduction2\企画２\turret\turret\x64\debug\player.obj
d:\users\2409409\desktop\gameproduction2\企画２\turret\turret\x64\debug\playerstatus.obj
d:\users\2409409\desktop\gameproduction2\企画２\turret\turret\x64\debug\shotbase.obj
d:\users\2409409\desktop\gameproduction2\企画２\turret\turret\x64\debug\shotmanager.obj
d:\users\2409409\desktop\gameproduction2\企画２\turret\turret\x64\debug\scene.obj
d:\users\2409409\desktop\gameproduction2\企画２\turret\turret\x64\debug\scenebase.obj
d:\users\2409409\desktop\gameproduction2\企画２\turret\turret\x64\debug\subject.obj
d:\users\2409409\desktop\gameproduction2\企画２\turret\turret\x64\debug\observer.obj
d:\users\2409409\desktop\gameproduction2\企画２\turret\turret\x64\debug\object.obj
d:\users\2409409\desktop\gameproduction2\企画２\turret\turret\x64\debug\actor.obj
d:\users\2409409\desktop\gameproduction2\企画２\turret\turret\x64\debug\mymath.obj
d:\users\2409409\desktop\gameproduction2\企画２\turret\turret\x64\debug\count.obj
d:\users\2409409\desktop\gameproduction2\企画２\turret\turret\x64\debug\data.obj
d:\users\2409409\desktop\gameproduction2\企画２\turret\turret\x64\debug\fps.obj
d:\users\2409409\desktop\gameproduction2\企画２\turret\turret\x64\debug\collision.obj
d:\users\2409409\desktop\gameproduction2\企画２\turret\turret\x64\debug\key.obj
d:\users\2409409\desktop\gameproduction2\企画２\turret\turret\x64\debug\mouse.obj
d:\users\2409409\desktop\gameproduction2\企画２\turret\turret\x64\debug\pad.obj
d:\users\2409409\desktop\gameproduction2\企画２\turret\turret\x64\debug\fade.obj
d:\users\2409409\desktop\gameproduction2\企画２\turret\turret\x64\debug\actormove.obj
d:\users\2409409\desktop\gameproduction2\企画２\turret\turret\x64\debug\main.obj
d:\users\2409409\desktop\gameproduction2\企画２\turret\turret\x64\debug\singleton.obj
d:\users\2409409\desktop\gameproduction2\企画２\turret\turret\x64\debug\getrand.obj
d:\users\2409409\desktop\gameproduction2\企画２\turret\turret\x64\debug\sceneclear.obj
c:\users\2409409\desktop\gameproduction2\企画２\turret\x64\debug\turret.exe
c:\users\2409409\desktop\gameproduction2\企画２\turret\x64\debug\turret.pdb
c:\users\2409409\desktop\gameproduction2\企画２\turret\turret\x64\debug\turret.ilk
d:\users\2409409\desktop\gameproduction2\企画２\turret\turret\x64\debug\cameradebug.obj
d:\users\2409409\desktop\gameproduction2\企画２\turret\turret\x64\debug\effectmng.obj
d:\users\2409409\desktop\gameproduction2\企画２\turret\turret\x64\debug\effekseer.obj
d:\users\2409409\desktop\gameproduction2\企画２\turret\turret\x64\debug\protectcore.obj
d:\users\2409409\desktop\gameproduction2\企画２\turret\turret\x64\debug\turret.ilk
d:\users\2409409\desktop\gameproduction2\企画２\turret\x64\debug\turret.pdb
d:\users\2409409\desktop\gameproduction2\企画２\turret\x64\debug\turret.exe
d:\users\2409409\desktop\gameproduction2\企画２\turret\turret\x64\debug\turret.tlog\cl.command.1.tlog
d:\users\2409409\desktop\gameproduction2\企画２\turret\turret\x64\debug\turret.tlog\cl.items.tlog
d:\users\2409409\desktop\gameproduction2\企画２\turret\turret\x64\debug\turret.tlog\cl.read.1.tlog
d:\users\2409409\desktop\gameproduction2\企画２\turret\turret\x64\debug\turret.tlog\cl.write.1.tlog
d:\users\2409409\desktop\gameproduction2\企画２\turret\turret\x64\debug\turret.tlog\link.command.1.tlog
d:\users\2409409\desktop\gameproduction2\企画２\turret\turret\x64\debug\turret.tlog\link.read.1.tlog
d:\users\2409409\desktop\gameproduction2\企画２\turret\turret\x64\debug\turret.tlog\link.secondary.1.tlog
d:\users\2409409\desktop\gameproduction2\企画２\turret\turret\x64\debug\turret.tlog\link.write.1.tlog
